
> ai-voice-agent-backend@1.0.0 build
> tsc

src/services/conversation/pipeline.ts(19,13): error TS6133: 'room' is declared but its value is never read.
src/services/conversation/pipeline.ts(180,18): error TS6133: 'audioBuffer' is declared but its value is never read.
src/services/rooms/livekit-agent.ts(7,5): error TS6133: 'Track' is declared but its value is never read.
src/services/rooms/livekit-agent.ts(30,13): error TS6133: 'participantName' is declared but its value is never read.
src/services/rooms/livekit-agent.ts(39,70): error TS6133: 'publication' is declared but its value is never read.
